11:45:51 **** Auto Build of configuration Debug for project read_test ****
make pre-build main-build 
a9-linaro-pre-build-step
' '
'Building file: ../src/main.c'
'Invoking: ARM v7 gcc compiler'
arm-none-eabi-gcc -Wall -O0 -g3 -c -fmessage-length=0 -MT"src/main.o" -mcpu=cortex-a9 -mfpu=vfpv3 -mfloat-abi=hard -I../../read_test_bsp/ps7_cortexa9_0/include -MMD -MP -MF"src/main.d" -MT"src/main.o" -o "src/main.o" "../src/main.c"
../src/main.c: In function 'main':
../src/main.c:18:6: warning: unused variable 'i' [-Wunused-variable]
  int i;
      ^
../src/main.c:17:6: warning: variable 'data' set but not used [-Wunused-but-set-variable]
  u32 data = 0;
      ^~~~
../src/main.c:16:15: warning: unused variable 'Delay' [-Wunused-variable]
  volatile int Delay;
               ^~~~~
'Finished building: ../src/main.c'
' '
'Building target: read_test.elf'
'Invoking: ARM v7 gcc linker'
arm-none-eabi-gcc -mcpu=cortex-a9 -mfpu=vfpv3 -mfloat-abi=hard -Wl,-build-id=none -specs=Xilinx.spec -Wl,-T -Wl,../src/lscript.ld -L../../read_test_bsp/ps7_cortexa9_0/lib -o "read_test.elf"  ./src/main.o   -Wl,--start-group,-lxil,-lgcc,-lc,--end-group
'Finished building target: read_test.elf'
' '
'Invoking: ARM v7 Print Size'
arm-none-eabi-size read_test.elf  |tee "read_test.elf.size"
   text	   data	    bss	    dec	    hex	filename
  23184	   1168	  22600	  46952	   b768	read_test.elf
'Finished building: read_test.elf.size'
' '

11:45:52 Build Finished (took 664ms)

