16:28:50 **** Build of configuration Debug for project read_test ****
make pre-build main-build 
a9-linaro-pre-build-step
' '
'Building file: ../src/cusum_driver.c'
'Invoking: ARM v7 gcc compiler'
arm-none-eabi-gcc -Wall -O0 -g3 -c -fmessage-length=0 -MT"src/cusum_driver.o" -mcpu=cortex-a9 -mfpu=vfpv3 -mfloat-abi=hard -I../../read_test_bsp/ps7_cortexa9_0/include -MMD -MP -MF"src/cusum_driver.d" -MT"src/cusum_driver.o" -o "src/cusum_driver.o" "../src/cusum_driver.c"
'Finished building: ../src/cusum_driver.c'
' '
'Building file: ../src/derivative_driver.c'
'Invoking: ARM v7 gcc compiler'
arm-none-eabi-gcc -Wall -O0 -g3 -c -fmessage-length=0 -MT"src/derivative_driver.o" -mcpu=cortex-a9 -mfpu=vfpv3 -mfloat-abi=hard -I../../read_test_bsp/ps7_cortexa9_0/include -MMD -MP -MF"src/derivative_driver.d" -MT"src/derivative_driver.o" -o "src/derivative_driver.o" "../src/derivative_driver.c"
'Finished building: ../src/derivative_driver.c'
' '
'Building file: ../src/main.c'
'Invoking: ARM v7 gcc compiler'
arm-none-eabi-gcc -Wall -O0 -g3 -c -fmessage-length=0 -MT"src/main.o" -mcpu=cortex-a9 -mfpu=vfpv3 -mfloat-abi=hard -I../../read_test_bsp/ps7_cortexa9_0/include -MMD -MP -MF"src/main.d" -MT"src/main.o" -o "src/main.o" "../src/main.c"
'Finished building: ../src/main.c'
' '
'Building file: ../src/ubc.c'
'Invoking: ARM v7 gcc compiler'
arm-none-eabi-gcc -Wall -O0 -g3 -c -fmessage-length=0 -MT"src/ubc.o" -mcpu=cortex-a9 -mfpu=vfpv3 -mfloat-abi=hard -I../../read_test_bsp/ps7_cortexa9_0/include -MMD -MP -MF"src/ubc.d" -MT"src/ubc.o" -o "src/ubc.o" "../src/ubc.c"
../src/ubc.c:29:0: warning: "NUM_ZSCORE" redefined
 #define NUM_ZSCORE 1
 
../src/ubc.c:16:0: note: this is the location of the previous definition
 #define NUM_ZSCORE 3
 
../src/ubc.c:45:0: warning: "NUM_CUSUM" redefined
 #define NUM_CUSUM 1
 
../src/ubc.c:17:0: note: this is the location of the previous definition
 #define NUM_CUSUM 3
 
../src/ubc.c:61:0: warning: "NUM_DERIV" redefined
 #define NUM_DERIV 1
 
../src/ubc.c:18:0: note: this is the location of the previous definition
 #define NUM_DERIV 3
 
'Finished building: ../src/ubc.c'
' '
'Building file: ../src/zscore_driver.c'
'Invoking: ARM v7 gcc compiler'
arm-none-eabi-gcc -Wall -O0 -g3 -c -fmessage-length=0 -MT"src/zscore_driver.o" -mcpu=cortex-a9 -mfpu=vfpv3 -mfloat-abi=hard -I../../read_test_bsp/ps7_cortexa9_0/include -MMD -MP -MF"src/zscore_driver.d" -MT"src/zscore_driver.o" -o "src/zscore_driver.o" "../src/zscore_driver.c"
'Finished building: ../src/zscore_driver.c'
' '
'Building target: read_test.elf'
'Invoking: ARM v7 gcc linker'
arm-none-eabi-gcc -mcpu=cortex-a9 -mfpu=vfpv3 -mfloat-abi=hard -Wl,-build-id=none -specs=Xilinx.spec -Wl,-T -Wl,../src/lscript.ld -L../../read_test_bsp/ps7_cortexa9_0/lib -o "read_test.elf"  ./src/cusum_driver.o ./src/derivative_driver.o ./src/main.o ./src/ubc.o ./src/zscore_driver.o   -Wl,--start-group,-lxil,-lgcc,-lc,--end-group
'Finished building target: read_test.elf'
' '
'Invoking: ARM v7 Print Size'
arm-none-eabi-size read_test.elf  |tee "read_test.elf.size"
   text	   data	    bss	    dec	    hex	filename
  29712	   1304	  34664	  65680	  10090	read_test.elf
'Finished building: read_test.elf.size'
' '

16:28:52 Build Finished (took 1s.720ms)

